
> @blud/skatepark@0.1.11 build
> tsup --config ../../scripts/tsup.package.config.mjs

[34mCLI[39m Building entry: {"index":"C:\\Users\\MILES\\Documents\\Blub\\packages\\skatepark\\src\\index.ts"}
[34mCLI[39m Using tsconfig: tsconfig.json
[34mCLI[39m tsup v8.5.1
[34mCLI[39m Using tsup config: C:\Users\MILES\Documents\Blub\scripts\tsup.package.config.mjs
[34mCLI[39m Target: es2022
[34mCLI[39m Cleaning output folder
[34mESM[39m Build start
[32mESM[39m [1mdist\index.js     [22m[32m25.92 KB[39m
[32mESM[39m [1mdist\index.js.map [22m[32m80.20 KB[39m
[32mESM[39m ÔÜí´©Å Build success in 49ms
[34mDTS[39m Build start
npm.cmd : src/materials.ts(1,15): error TS2305: Module '"@blud/shared"' has no exported member 'Material'.
At line:1 char:1
+ npm.cmd run build --workspace=@blud/skatepark > build_error.log 2>&1
+ ~~~~~~~~~~~~~~~~~~~~~~~~~~~~~~~~~~~~~~~~~~~~~~~~~~~~~~~~~~~~~~~~~~~~
    + CategoryInfo          : NotSpecified: (src/materials.t...ber 'Material'.:String) [], RemoteException
    + FullyQualifiedErrorId : NativeCommandError
 
src/materials.ts(1,31): error TS6059: File 'C:/Users/MILES/Documents/Blub/packages/shared/src/index.ts' is not under 
'rootDir' 'src'. 'rootDir' is expected to contain all source files.
  The file is in the program because:
    Imported via "@blud/shared" from file 'C:/Users/MILES/Documents/Blub/packages/skatepark/src/materials.ts'
    Imported via "@blud/shared" from file 
'C:/Users/MILES/Documents/Blub/packages/skatepark/src/geometry/quarter-pipe.ts'
    Imported via "@blud/shared" from file 'C:/Users/MILES/Documents/Blub/packages/skatepark/src/geometry/half-pipe.ts'
    Imported via "@blud/shared" from file 'C:/Users/MILES/Documents/Blub/packages/skatepark/src/geometry/rail.ts'
    Imported via "@blud/shared" from file 'C:/Users/MILES/Documents/Blub/packages/skatepark/src/geometry/fun-box.ts'
    Imported via "@blud/shared" from file 'C:/Users/MILES/Documents/Blub/packages/skatepark/src/geometry/bowl.ts'
    Imported via "@blud/shared" from file 
'C:/Users/MILES/Documents/Blub/packages/skatepark/src/geometry/simple-elements.ts'
    Imported via "@blud/shared" from file 
'C:/Users/MILES/Documents/Blub/packages/skatepark/src/geometry/complex-elements.ts'
  File is ECMAScript module because 'C:/Users/MILES/Documents/Blub/packages/shared/package.json' has field "type" with 
value "module"

[31mError: error occurred in dts build
    at Worker.<anonymous> (C:\Users\MILES\Documents\Blub\node_modules\tsup\dist\index.js:1545:26)
    at Worker.emit (node:events:508:28)
    at MessagePort.<anonymous> (node:internal/worker:332:53)
    at [nodejs.internal.kHybridDispatch] (node:internal/event_target:843:20)
    at MessagePort.<anonymous> (node:internal/per_context/messageport:23:28)[39m
[31mDTS[39m [31mBuild error[39m
npm error Lifecycle script `build` failed with error:
npm error code 1
npm error path C:\Users\MILES\Documents\Blub\packages\skatepark
npm error workspace @blud/skatepark@0.1.11
npm error location C:\Users\MILES\Documents\Blub\packages\skatepark
npm error command failed
npm error command C:\Windows\system32\cmd.exe /d /s /c tsup --config ../../scripts/tsup.package.config.mjs
